Palmerston Street between Rathdowne Street and Drummond Street --> 1
