Palmerston Street between Rathdowne Street and Drummond Street --> 1
Morrah Street between Fitzgibbon Street and Wimble Street --> 1
Lygon Street between Argyle Place South and Pelham Street --> 1
Canning Street between Palmerston Street and Pitt Street --> 1
Gatehouse Street between Morrah Street and Bayles Street --> 1
Franklin Street between Elizabeth Street and Queen Street --> 1
Queensberry Street between Capel Street and Howard Street --> 1
Lygon Street between Victoria Street and Queensberry Street --> 1
Drummond Street between Faraday Street and Elgin Street --> 1
David Street between Elgin Street and Palmerston Street --> 1
Carlton Street between Nicholson Street and Canning Street --> 1
