Park Drive between Bayles Street and Gatehouse Street --> 3
Royal Parade between Morrah Street and Story Street --> 2
MacKenzie Street between Victoria Street and Russell Street --> 3
Leicester Place from Leicester Street --> 1
Flemington Road between Blackwood Street and Wreckyn Street --> 2
Carlton Street between Nicholson Street and Canning Street --> 2
Leicester Street between Pelham Street and Grattan Street --> 2
Swanston Street between Queensberry Street and Lincoln Square South --> 1
Leicester Street between Queensberry Street and Pelham Street --> 3
Earl Street between Lygon Street and Cardigan Street --> 2
Berkeley Street between Pelham Street and Grattan Street --> 3
Elizabeth Street between Franklin Street and Therry Street --> 2
Albert Street between Spring Street and Nicholson Street --> 1
Royal Parade between Bayles Street and Degraves Street --> 2
Canning Street between Elgin Street and Palmerston Street --> 2
Lygon Lane between Grattan Lane and Faraday Lane --> 1
Bouverie Street between Victoria Street and Queensberry Street --> 2
Barkly Street between Nicholson Street and Canning Street --> 2
Cardigan Street between Victoria Street and Queensberry Street --> 4
Keppel Street between Cardigan Street and Swanston Street --> 2
Little Barkly Street between Faraday Street and Rathdowne Street --> 2
Nicholson Street between Faraday Street and Barkly Street --> 1
Albert Street between Nicholson Street and Gisborne Street --> 4
A'Beckett Street between Elizabeth Street and Queen Street --> 3
Canning Street between Owen Street and Murchison Street --> 1
Albert Street between Lansdowne Street and Eades Street --> 3
Carlow Place between Rathdowne Street and Faraday Street --> 2
A'Beckett Street between Wills Street and Queen Street --> 2
Cardigan Street between Faraday Street and Elgin Street --> 2
Argyle Place South between Lygon Street and Cardigan Street --> 2
Pelham Street between Bouverie Street and Leicester Street --> 2
Intersection of Queen Street and Franklin Street --> 2
Queensberry Street between Lygon Street and Cardigan Street --> 2
Royal Parade between Gatehouse Street and MacArthur Road --> 2
Story Street between Benjamin Street and Fitzgibbon Street --> 2
Peel Street between Queensberry Street and Elizabeth Street --> 5
Grattan Street between Swanston Street and Bouverie Street --> 2
Rathdowne Street between Queensberry Street and Pelham Street --> 2
Elgin Street between Nicholson Street and Canning Street --> 3
Bouverie Street between Lincoln Square North and Grattan Street --> 3
Exhibition Street between La Trobe Street and Victoria Street --> 1
Park Drive between Morrah Street and Bayles Street --> 2
Wills Street between La Trobe Street and A'Beckett Street --> 1
Swanston Street between Little Lonsdale Street and La Trobe Street --> 3
Lonsdale Street between Spring Street and Exhibition Street --> 2
Little Lonsdale Street between Exhibition Street and Russell Street --> 2
Cathedral Place between Lansdowne Street and Gisborne Street --> 2
Ievers Terrace from Cardigan Street --> 2
William Street between A'Beckett Street and Franklin Street --> 2
Oxford Street between Blackwood Street and Wreckyn Street --> 2
Palmerston Street between Drummond Street and Lygon Street --> 2
Drummond Street between Faraday Street and Elgin Street --> 2
Canning Street between Kay Street and Neill Street --> 2
Drummond Street between Queensberry Street and Pelham Street --> 4
Swanston Street between Elgin Street and College Crescent --> 5
Capel Street between Courtney Street and Bedford Street --> 2
Victoria Street between Rathdowne Street and Drummond Street --> 2
Rathdowne Street between Neill Street and Princes Street --> 3
Grattan Street between Lygon Street and Cardigan Street --> 3
Church Street between Bouverie Street and Leicester Street --> 1
Queensberry Street between Elizabeth Street and O'Connell Street --> 2
Lansdowne Street between Cathedral Place and Albert Street --> 2
Peel Street between Princess Street and Queensberry Street --> 2
Elizabeth Street between Little Lonsdale Street and La Trobe Street --> 2
Royal Parade between Grattan Street and Story Street --> 5
Cardigan Street between Elgin Street and Keppel Street --> 3
Franklin Street between Swanston Street and Elizabeth Street --> 4
Carlton Street between Canning Street and Rathdowne Street --> 3
Palmerston Street between Canning Street and Rathdowne Street --> 4
Argyle Place East from Lygon Street --> 1
Rathdowne Street between Pelham Street and Grattan Street --> 2
La Trobe Street between Elizabeth Street and Queen Street --> 3
Station Street between Kay Street and Princes Street --> 3
Swanston Street between Lincoln Square North and Grattan Street --> 3
Elgin Street between Cardigan Street and Swanston Street --> 1
Barry Street between Pelham Street and Grattan Street --> 2
Pitt Street between Canning Street and Rathdowne Street --> 3
Peel Street between Dudley Street and Victoria Street --> 4
Cemetery Road East between College Crescent and Lygon Street --> 4
Lincoln Square South between Swanston Street and Bouverie Street --> 2
Queensberry Street between Leicester Street and Berkeley Street --> 1
Grattan Street between Bouverie Street and Leicester Street --> 3
Pelham Street between Cardigan Street and Swanston Street --> 2
Barry Street between Leicester Street and Pelham Street --> 2
Victoria Street between Capel Street and Howard Street --> 1
Palmerston Street between Nicholson Street and Station Street --> 1
MacArthur Street between Cathedral Place and St Andrews Place --> 4
Lytton Street between Lygon Street and Cardigan Street --> 2
La Trobe Street between Swanston Street and Elizabeth Street --> 3
Lansdowne Place from Queensberry Street --> 1
Elgin Street between Lygon Street and Cardigan Street --> 2
Grattan Place between Argyle Place North and Grattan Street --> 3
Lygon Street between Palmerston Street and Lytton Street --> 3
Bedford Place between Flemington Road and Bedford Street --> 2
Church Street between Swanston Street and Bouverie Street --> 1
Parliament Place between St Andrews Place and Gisborne Street --> 2
MacArthur Place North between Canning Street and Rathdowne Street --> 2
Victoria Street between Lygon Street and Cardigan Street --> 3
College Crescent between Royal Parade and Cemetery Road West --> 2
Grattan Street between Flemington Road and Elizabeth Street --> 3
Nicholson Street between Kay Street and Princes Street --> 2
Little La Trobe Street between Swanston Street and Elizabeth Street --> 4
Faraday Street between Rathdowne Street and Drummond Street --> 2
Rathdowne Street between Victoria Street and Queensberry Street --> 2
Nicholson Street between Victoria Street and Carlton Street --> 5
Swanston Street between A'Beckett Street and Franklin Street --> 3
Victoria Parade --> 6
Franklin Street between Elizabeth Street and Queen Street --> 4
Queensberry Street between Cobden Street and Peel Street --> 2
Lincoln Place from Swanston Street --> 1
Princess Street between Peel Street and Cobden Street --> 1
Victoria Street between La Trobe Street and Rathdowne Street --> 3
Swanston Street between Lincoln Square South and Pelham Street --> 1
Franklin Street between Queen Street and William Street --> 2
Cardigan Street between Keppel Street and Lytton Street --> 3
La Trobe Street between Exhibition Street and Russell Street --> 4
University Street between Drummond Street and Lygon Street --> 2
Exhibition Street between Lonsdale Street and Little Lonsdale Street --> 2
Cardigan Street between Grattan Street and Faraday Street --> 2
Cardigan Street between Argyle Place North and Grattan Street --> 2
Capel Street between William Street and Victoria Street --> 2
Kay Street between Station Street and Canning Street --> 1
Palmerston Place between Cardigan Street and Swanston Street --> 2
Exhibition Street between Little Bourke Street and Lonsdale Street --> 2
Cardigan Street between Queensberry Street and Argyle Place South --> 1
Rathdowne Street between Pitt Street and Kay Street --> 2
Russell Street between MacKenzie Street and Victoria Street --> 2
Faraday Street between Nicholson Street and Canning Street --> 2
Queensberry Place from Queensberry Street --> 1
Franklin Street between Victoria Street and Swanston Street --> 3
La Trobe Street between Russell Street and Swanston Street --> 3
Cemetery Road West between Royal Parade and College Crescent --> 2
Elizabeth Street between Flemington Road and Grattan Street --> 2
Gatehouse Street between Morrah Street and Bayles Street --> 1
Nicholson Street between Elgin Street and Palmerston Street --> 1
Capel Street between Victoria Street and Queensberry Street --> 3
Princes Street between Station Street and Canning Street --> 1
Queensberry Street between Bouverie Street and Leicester Street --> 2
Bouverie Street between Lincoln Square South and Pelham Street --> 2
Grattan Street between Barry Street and Berkeley Street --> 2
Grattan Street between Leicester Street and Barry Street --> 1
Elgin Street between Canning Street and Rathdowne Street --> 4
Faraday Street between Lygon Street and Cardigan Street --> 3
Little Lonsdale Street between Swanston Street and Elizabeth Street --> 2
Queen Street between Franklin Street and Therry Street --> 2
Gisborne Street between Albert Street and Victoria Parade --> 1
Grattan Street between Berkeley Street and Royal Parade --> 2
Cardigan Street between Pelham Street and Argyle Place North --> 2
Keppel Street between Lygon Street and Palmerston Street --> 2
Little Bourke Street between Spring Street and Exhibition Street --> 4
Little Lonsdale Street between Spring Street and Exhibition Street --> 3
Elizabeth Street between Queensberry Street and Pelham Street --> 2
Intersection of Royal Parade and Gatehouse Street --> 2
Dorrit Street between Grattan Street and Faraday Street --> 2
Leicester Street between Berkeley Street and Queensberry Street --> 2
Russell Street between Little Lonsdale Street and La Trobe Street --> 2
Harwood Place from Little Bourke Street --> 2
Corrs Lane between Little Bourke Street and Lonsdale Street --> 1
Canning Street between Pitt Street and Kay Street --> 1
Kelvin Place between Cardigan Street and Swanston Street --> 2
Literature Lane between Little La Trobe Street and Little La Trobe Street --> 2
Fitzgibbon Street between Morrah Street and Bayles Street --> 2
Bouverie Street between Pelham Street and Lincoln Square North --> 2
Wimble Street between Morrah Street and Park Drive --> 2
Lygon Street between Argyle Place North and Grattan Street --> 1
Pelham Street between Drummond Street and Lygon Street --> 3
Victoria Street between Cardigan Street and Swanston Street --> 2
Swanston Street between Faraday Street and Elgin Street --> 2
Drummond Place between Drummond Street and Finlay Place --> 1
Nicholson Street between Albert Street and Victoria Street --> 1
Drummond Street between Pelham Street and Grattan Street --> 3
Intersection of Elizabeth Street and Flemington Road --> 1
Nicholson Street between Spring Street and Albert Street --> 1
Rathdowne Street between Elgin Street and Palmerston Street --> 2
Little Palmerston Street between Rathdowne Street and Drummond Street --> 2
William Street between La Trobe Street and A'Beckett Street --> 2
Rathdowne Street between Faraday Street and Elgin Street --> 1
Drummond Street between Victoria Street and Queensberry Street --> 4
Lygon Street between Faraday Street and Elgin Street --> 2
Kay Street between Canning Street and Rathdowne Street --> 3
Victoria Parade between Morrison Place and Lansdowne Street --> 1
Queensberry Street between Cardigan Street and Swanston Street --> 2
Gisborne Street between Cathedral Place and Albert Street --> 2
Exploration Lane between La Trobe Street and Little Lonsdale Street --> 2
Victoria Street between Elizabeth Street and O'Connell Street --> 2
Orr Street between Victoria Street and Earl Street --> 1
Little Cardigan Street between Queensberry Street and Cardigan Street --> 2
Morrah Street between Fitzgibbon Street and Wimble Street --> 2
Elgin Street between Drummond Street and Lygon Street --> 2
Princes Street between Rathdowne Street and Drummond Street --> 1
Victoria Parade between Eades Street and Lansdowne Street --> 2
Elizabeth Street between Therry Street and Victoria Street --> 3
Punch Lane from Little Bourke Street --> 3
Palmerston Street between Rathdowne Street and Drummond Street --> 2
Grattan Street between Cardigan Street and Swanston Street --> 2
Cobden Street between Victoria Street and Princess Street --> 2
Cumberland Place between Lincoln Square South and Bouverie Street --> 1
Drummond Street between Elgin Street and Palmerston Street --> 2
Faraday Street between Canning Street and Rathdowne Street --> 2
Lygon Street between Pelham Street and Argyle Place North --> 2
Tyne Street between Lygon Street and Cardigan Street --> 2
Evelyn Place between Nicholson Street and Albert Street --> 2
Albert Street between Morrison Place and Lansdowne Street --> 2
Lygon Street between Lytton Street and Princes Street --> 2
Bennetts Lane from Little Lonsdale Street --> 2
Hayward Lane between Little Lonsdale Street and La Trobe Street --> 2
Berkeley Street between Queensberry Street and Pelham Street --> 4
Anthony Street between Franklin Street and A'Beckett Street --> 2
David Street between Elgin Street and Palmerston Street --> 2
Princes Park Drive between Cemetery Road West and MacPherson Street --> 2
Murchison Street between Barrup Street and Canning Street --> 1
Faraday Street between Drummond Street and Lygon Street --> 2
Lonsdale Street between Exhibition Street and Russell Street --> 3
A'Beckett Street between Swanston Street and Elizabeth Street --> 2
Lygon Street between Victoria Street and Queensberry Street --> 4
Queensberry Street between Rathdowne Street and Drummond Street --> 1
Royal Parade between Gatehouse Street and Degraves Street --> 1
Reeves Street between Rathdowne Street and Drummond Street --> 2
Hayward Lane between Lonsdale Street and Little Lonsdale Street --> 2
Victoria Parade between Nicholson Street and Gisborne Street --> 2
Victoria Parade between Nicholson Street and La Trobe Street --> 2
Berkeley Street between Leicester Street and Queensberry Street --> 2
Little Palmerston Street between Drummond Street and Pl5268 --> 2
Canning Street between Palmerston Street and Pitt Street --> 2
Waterloo Street between Lygon Street and Cardigan Street --> 2
Courtney Street between Peel Street and Capel Street --> 1
Flanigan Lane between Sutherland Street and Guildford Lane --> 2
Swanston Street between Lonsdale Street and Little Lonsdale Street --> 2
Spring Street between Lonsdale Street and Little Lonsdale Street --> 1
Princes Street between Drummond Street and Lygon Street --> 1
Lygon Street between Elgin Street and Palmerston Street --> 2
Argyle Place North between Lygon Street and Cardigan Street --> 2
Grattan Street between Rathdowne Street and Drummond Street --> 2
Leicester Street between Victoria Street and Berkeley Street --> 2
Gatehouse Street between Royal Parade and Park Drive --> 3
Charles Street from Kay Street --> 1
Blackwood Street between Flemington Road and Courtney Street --> 2
Barkly Street between Canning Street and Rathdowne Street --> 2
Pelham Street between Leicester Street and Barry Street --> 2
Victoria Parade between Nicholson Street and Spring Street --> 1
Drummond Street between Grattan Street and Faraday Street --> 2
Victoria Street between Swanston Street and Bouverie Street --> 2
Grattan Street between Drummond Street and Lygon Street --> 2
Kay Street between Nicholson Street and Station Street --> 1
Story Street between Park Drive and Benjamin Street --> 2
Lansdowne Street between Albert Street and Victoria Parade --> 1
Elizabeth Street between A'Beckett Street and Franklin Street --> 2
Queensberry Street between Capel Street and Howard Street --> 2
Palmerston Street between Nicholson Street and Canning Street --> 2
Victoria Street between O'Connell Street and Cobden Street --> 2
Astor Place from Lygon Street --> 2
Courtney Street between Queensberry Street and Howard Street --> 2
Lincoln Square North between Swanston Street and Bouverie Street --> 1
Victoria Street between Cobden Street and Peel Street --> 2
Peel Street between Victoria Street and Princess Street --> 2
Bouverie Street between Queensberry Street and Lincoln Square South --> 2
Drummond Street between Palmerston Street and Princes Street --> 3
Canning Street between Faraday Street and Elgin Street --> 1
Lygon Street between Queensberry Street and Argyle Place South --> 1
A'Beckett Street between Wills Street and William Street --> 2
Pelham Street between Berkeley Street and Barry Street --> 1
Pelham Street between Berkeley Street and Elizabeth Street --> 1
Haymarket Walk between Elizabeth Street and Berkeley Street --> 1
Swanston Street between Pelham Street and Lincoln Square North --> 2
Queensberry Street between Drummond Street and Lygon Street --> 3
College Crescent between Swanston Street and Princes Park Drive --> 1
Victoria Street between Drummond Street and Lygon Street --> 3
Flemington Road between Elizabeth Street and Blackwood Street --> 1
Royal Parade between Bayles Street and Morrah Street --> 2
Russell Street between Lonsdale Street and Little Lonsdale Street --> 2
La Trobe Street between Victoria Street and Exhibition Street --> 2
Morrah Street between Benjamin Street and Park Drive --> 1
Ph8022 between Bayles Street and Gatehouse Street --> 2
Swanston Street between Victoria Street and Queensberry Street --> 2
Knox Place between Knox Lane and Swanston Street --> 1
Therry Street between Elizabeth Street and Queen Street --> 3
Cobden Street between Princess Street and Queensberry Street --> 2
Swanston Street between Grattan Street and Faraday Street --> 2
Bedford Street between Courtney Street and Peel Street --> 1
Elizabeth Street between Victoria Street and Queensberry Street --> 2
MacArthur Place South between Canning Street and Rathdowne Street --> 1
Spring Street between Little Bourke Street and Lonsdale Street --> 1
Therry Street between Victoria Street and Elizabeth Street --> 2
The Avenue between MacArthur Road and Gatehouse Street --> 1
Palmerston Street between Lygon Street and Keppel Street --> 2
La Trobe Street between Queen Street and Wills Street --> 1
Pelham Street between Rathdowne Street and Drummond Street --> 2
Neill Street between Princes Street and Canning Street --> 1
Fitzgibbon Street between Bayles Street and Degraves Street --> 1
University Place from University Street --> 2
Neill Street between Rathdowne Street and Canning Street --> 2
Queensberry Street between Swanston Street and Bouverie Street --> 2
Albert Street between Gisborne Street and Morrison Place --> 2
Rathdowne Street between Palmerston Street and Pitt Street --> 2
Canada Lane between Cardigan Street and Swanston Street --> 2
Story Street between Royal Parade and Fitzgibbon Street --> 1
Cardigan Street between Argyle Place South and Pelham Street --> 1
Intersection of College Crescent and Princes Park Drive --> 1
University Street between Rathdowne Street and Drummond Street --> 2
Queensberry Street between Berkeley Street and Elizabeth Street --> 1
Stewart Street between Franklin Street and A'Beckett Street --> 2
Swanston Street between Franklin Street and Victoria Street --> 1
Cornell Place between Swanston Street and Queensberry Place --> 1
Elgin Street between Rathdowne Street and Drummond Street --> 2
Faraday Street between Cardigan Street and Swanston Street --> 1
Cohen Place from Little Bourke Street --> 1
Cl1335 from Ph8004 --> 1
Lygon Street between Argyle Place South and Pelham Street --> 1
Morrison Place between Victoria Parade and Albert Street --> 1
Owen Street between Barrup Street and Canning Street --> 1
Little Lonsdale Street between Russell Street and Swanston Street --> 2
Intersection of William Street and Franklin Street --> 1
O'Connell Street between Victoria Street and Queensberry Street --> 2
Rodney Place from Pelham Street --> 1
Lygon Street between Princes Street and MacPherson Street --> 1
O'Connell Street between Queensberry Street and Peel Street --> 2
Gatehouse Street between Bayles Street and Park Drive --> 1
Russell Street between La Trobe Street and MacKenzie Street --> 2
Bayles Street between Fitzgibbon Street and Park Drive --> 1
Princes Street between Canning Street and Rathdowne Street --> 1
Lonsdale Street between Russell Street and Swanston Street --> 1
Intersection of College Crescent and Swanston Street --> 1
Spring Street between Bourke Street and Little Bourke Street --> 1
Victoria Street between Bouverie Street and Elizabeth Street --> 2
Mission Place from Queensberry Street --> 1
Station Street between Palmerston Street and Kay Street --> 1
Nicholson Street between Palmerston Street and Kay Street --> 1
Rathdowne Street between Carlton Street and Faraday Street --> 1
Exhibition Street between Little Lonsdale Street and La Trobe Street --> 2
Queen Street between La Trobe Street and A'Beckett Street --> 1
