10.4 --> 10.5
19.45 --> 19.5
21.2 --> 21.3
27.2 --> 27.3
29.4 --> 29.5
31.3 --> 31.4
31.7 --> 31.8
37.8 --> 37.9
50.7 --> 50.8
58.3 --> 58.2
61.7 --> 61.8
62.4 --> 62.5
65.79 --> 65.8
79.81 --> 79.8
101.4 --> 101.3
118.6 --> 118.5
120.5 --> 120.4
158.2 --> 158.1
174.5 --> 174.4
206.91 --> 206.9
