Queensberry Street between Elizabeth Street and O'Connell Street
--> footpath_id: 22269 || address: Queensberry Street between Elizabeth Street and O'Connell Street || clue_sa: North Melbourne || asset_type: Road Footway || deltaz: 0.83 || distance: 39.59 || grade1in: 47.7 || mcc_id: 1385074 || mccid_int: 20923 || rlmax: 27.36 || rlmin: 26.53 || segside: North || statusid: 2 || streetid: 1008 || street_group: 23580 || start_lat: -37.803794 || start_lon: 144.957509 || end_lat: -37.803885 || end_lon: 144.958032 || 
Park Drive between Bayles Street and Gatehouse Street
--> footpath_id: 18614 || address: Park Drive between Bayles Street and Gatehouse Street || clue_sa: Parkville || asset_type: Road Footway || deltaz: 1.39 || distance: 57.75 || grade1in: 41.5 || mcc_id: 1388649 || mccid_int: 22364 || rlmax: 38.87 || rlmin: 37.48 || segside: East || statusid: 2 || streetid: 956 || street_group: 20149 || start_lat: -37.793140 || start_lon: 144.956946 || end_lat: -37.792691 || end_lon: 144.957645 || 
Franklin Street between Queen Street and William Street
--> footpath_id: 14560 || address: Franklin Street between Queen Street and William Street || clue_sa: Melbourne, CBD || asset_type: Road Footway || deltaz: 4.82 || distance: 192.77 || grade1in: 40.0 || mcc_id: 1388278 || mccid_int: 21527 || rlmax: 28.56 || rlmin: 23.74 || segside:  || statusid: 2 || streetid: 644 || street_group: 15419 || start_lat: -37.809661 || start_lon: 144.955631 || end_lat: -37.809536 || end_lon: 144.957444 || 
Wimble Street between Morrah Street and Park Drive
--> footpath_id: 20878 || address: Wimble Street between Morrah Street and Park Drive || clue_sa: Parkville || asset_type: Road Footway || deltaz: 0.20 || distance: 23.13 || grade1in: 115.6 || mcc_id: 1388572 || mccid_int: 22348 || rlmax: 34.50 || rlmin: 34.30 || segside: West || statusid: 2 || streetid: 1183 || street_group: 21582 || start_lat: -37.794553 || start_lon: 144.955809 || end_lat: -37.795072 || end_lon: 144.955724 || 
Reeves Street between Rathdowne Street and Drummond Street
--> footpath_id: 26935 || address: Reeves Street between Rathdowne Street and Drummond Street || clue_sa: Carlton || asset_type: Road Footway || deltaz: 4.67 || distance: 93.94 || grade1in: 20.1 || mcc_id: 1477320 || mccid_int: 23273 || rlmax: 34.03 || rlmin: 29.36 || segside: North || statusid: 3 || streetid: 120050 || street_group: 28018 || start_lat: -37.793235 || start_lon: 144.969902 || end_lat: -37.793334 || end_lon: 144.971048 || 
Queensberry Street between Cobden Street and Peel Street
--> footpath_id: 21960 || address: Queensberry Street between Cobden Street and Peel Street || clue_sa: North Melbourne || asset_type: Road Footway || deltaz: 2.37 || distance: 49.35 || grade1in: 20.8 || mcc_id: 1389989 || mccid_int: 20925 || rlmax: 30.33 || rlmin: 27.96 || segside: North || statusid: 2 || streetid: 1008 || street_group: 23579 || start_lat: -37.803798 || start_lon: 144.957261 || end_lat: -37.803688 || end_lon: 144.956595 || 
--> footpath_id: 21301 || address: Queensberry Street between Cobden Street and Peel Street || clue_sa: North Melbourne || asset_type: Road Footway || deltaz: 2.65 || distance: 69.91 || grade1in: 26.4 || mcc_id: 1385075 || mccid_int: 20925 || rlmax: 29.96 || rlmin: 27.31 || segside: South || statusid: 2 || streetid: 1008 || street_group: 21957 || start_lat: -37.804051 || start_lon: 144.957344 || end_lat: -37.803932 || end_lon: 144.956564 || 
Franklin Street between Victoria Street and Swanston Street
--> footpath_id: 22291 || address: Franklin Street between Victoria Street and Swanston Street || clue_sa: Melbourne, CBD || asset_type: Road Footway || deltaz: 5.79 || distance: 100.03 || grade1in: 17.3 || mcc_id: 1386048 || mccid_int: 21622 || rlmax: 27.93 || rlmin: 22.14 || segside: North || statusid: 2 || streetid: 644 || street_group: 23261 || start_lat: -37.807281 || start_lon: 144.962957 || end_lat: -37.806935 || end_lon: 144.964217 || 
Queensberry Street between Capel Street and Howard Street
--> footpath_id: 19458 || address: Queensberry Street between Capel Street and Howard Street || clue_sa: North Melbourne || asset_type: Road Footway || deltaz: 1.44 || distance: 94.82 || grade1in: 65.8 || mcc_id: 1385878 || mccid_int: 20950 || rlmax: 35.75 || rlmin: 34.31 || segside: North || statusid: 2 || streetid: 1008 || street_group: 20939 || start_lat: -37.803461 || start_lon: 144.954243 || end_lat: -37.803556 || end_lon: 144.955388 || 
Punch Lane from Little Bourke Street
--> footpath_id: 24355 || address: Punch Lane from Little Bourke Street || clue_sa: Melbourne, CBD || asset_type: Road Footway || deltaz: 0.39 || distance: 55.83 || grade1in: 143.1 || mcc_id: 1388298 || mccid_int: 20226 || rlmax: 27.92 || rlmin: 27.53 || segside:  || statusid: 3 || streetid: 1003 || street_group: 24355 || start_lat: -37.810747 || start_lon: 144.971131 || end_lat: -37.810131 || end_lon: 144.970809 || 
Hayward Lane between Little Lonsdale Street and La Trobe Street
--> footpath_id: 21364 || address: Hayward Lane between Little Lonsdale Street and La Trobe Street || clue_sa: Melbourne, CBD || asset_type: Road Footway || deltaz: 0.00 || distance: 0.87 || grade1in: 8721.7 || mcc_id: 1387056 || mccid_int: 20282 || rlmax: 26.36 || rlmin: 26.36 || segside:  || statusid: 3 || streetid: 698 || street_group: 21991 || start_lat: -37.809056 || start_lon: 144.966875 || end_lat: -37.809681 || end_lon: 144.967167 || 
Swanston Street between Elgin Street and College Crescent
--> footpath_id: 22197 || address: Swanston Street between Elgin Street and College Crescent || clue_sa: Carlton || asset_type: Road Footway || deltaz: 0.98 || distance: 66.42 || grade1in: 67.8 || mcc_id: 1384169 || mccid_int: 20494 || rlmax: 44.85 || rlmin: 43.87 || segside: East || statusid: 2 || streetid: 1114 || street_group: 23188 || start_lat: -37.796716 || start_lon: 144.964716 || end_lat: -37.796103 || end_lon: 144.964896 || 
Carlton Street between Nicholson Street and Canning Street
--> footpath_id: 28150 || address: Carlton Street between Nicholson Street and Canning Street || clue_sa: Carlton || asset_type: Road Footway || deltaz: 1.78 || distance: 142.03 || grade1in: 79.8 || mcc_id: 1388941 || mccid_int: 20683 || rlmax: 35.68 || rlmin: 33.90 || segside: South || statusid: 2 || streetid: 486 || street_group: 30384 || start_lat: -37.801109 || start_lon: 144.972475 || end_lat: -37.801267 || end_lon: 144.974145 || 
Gatehouse Street between Morrah Street and Bayles Street
--> footpath_id: 19783 || address: Gatehouse Street between Morrah Street and Bayles Street || clue_sa: Parkville || asset_type: Road Footway || deltaz: 5.13 || distance: 139.97 || grade1in: 27.3 || mcc_id: 1388014 || mccid_int: 22342 || rlmax: 34.67 || rlmin: 29.54 || segside: East || statusid: 2 || streetid: 649 || street_group: 20509 || start_lat: -37.794582 || start_lon: 144.953825 || end_lat: -37.793647 || end_lon: 144.955069 || 
Cemetery Road West between Royal Parade and College Crescent
--> footpath_id: 18978 || address: Cemetery Road West between Royal Parade and College Crescent || clue_sa: Carlton || asset_type: Road Footway || deltaz: 2.05 || distance: 286.33 || grade1in: 139.7 || mcc_id: 1466004 || mccid_int: 22375 || rlmax: 45.68 || rlmin: 43.63 || segside: North || statusid: 1 || streetid: 498 || street_group: 24542 || start_lat: -37.790044 || start_lon: 144.959460 || end_lat: -37.791522 || end_lon: 144.960968 || 
Lonsdale Street between Exhibition Street and Russell Street
--> footpath_id: 21353 || address: Lonsdale Street between Exhibition Street and Russell Street || clue_sa: Melbourne, CBD || asset_type: Road Footway || deltaz: 0.65 || distance: 61.40 || grade1in: 94.4 || mcc_id: 1387031 || mccid_int: 20003 || rlmax: 20.97 || rlmin: 20.32 || segside: North || statusid: 2 || streetid: 803 || street_group: 21681 || start_lat: -37.810473 || start_lon: 144.967947 || end_lat: -37.810257 || end_lon: 144.968771 || 
--> footpath_id: 20638 || address: Lonsdale Street between Exhibition Street and Russell Street || clue_sa: Melbourne, CBD || asset_type: Road Footway || deltaz: 2.42 || distance: 165.29 || grade1in: 68.3 || mcc_id: 1386749 || mccid_int: 20003 || rlmax: 21.77 || rlmin: 19.35 || segside: South || statusid: 2 || streetid: 803 || street_group: 32331 || start_lat: -37.810884 || start_lon: 144.967428 || end_lat: -37.810373 || end_lon: 144.969261 || 
Royal Parade between Gatehouse Street and MacArthur Road
--> footpath_id: 16463 || address: Royal Parade between Gatehouse Street and MacArthur Road || clue_sa: Parkville || asset_type: Road Footway || deltaz: 1.21 || distance: 185.27 || grade1in: 153.1 || mcc_id: 1389659 || mccid_int: 22438 || rlmax: 42.48 || rlmin: 41.27 || segside: West || statusid: 1 || streetid: 1041 || street_group: 16777 || start_lat: -37.789988 || start_lon: 144.958404 || end_lat: -37.791854 || end_lon: 144.958174 || 
Leicester Street between Queensberry Street and Pelham Street
--> footpath_id: 25322 || address: Leicester Street between Queensberry Street and Pelham Street || clue_sa: Carlton || asset_type: Road Footway || deltaz: 5.80 || distance: 168.04 || grade1in: 29.0 || mcc_id: 1384591 || mccid_int: 20458 || rlmax: 29.11 || rlmin: 23.31 || segside: East || statusid: 2 || streetid: 786 || street_group: 26339 || start_lat: -37.804116 || start_lon: 144.960452 || end_lat: -37.802554 || end_lon: 144.960771 || 
Lygon Street between Victoria Street and Queensberry Street
--> footpath_id: 24301 || address: Lygon Street between Victoria Street and Queensberry Street || clue_sa: Carlton || asset_type: Road Footway || deltaz: 1.02 || distance: 103.38 || grade1in: 101.3 || mcc_id: 1384568 || mccid_int: 20522 || rlmax: 36.75 || rlmin: 35.73 || segside: West || statusid: 2 || streetid: 840 || street_group: 25348 || start_lat: -37.805019 || start_lon: 144.966058 || end_lat: -37.806061 || end_lon: 144.965842 || 
--> footpath_id: 24302 || address: Lygon Street between Victoria Street and Queensberry Street || clue_sa: Carlton || asset_type: Road Footway || deltaz: 0.40 || distance: 36.12 || grade1in: 90.3 || mcc_id: 1384390 || mccid_int: 20522 || rlmax: 36.94 || rlmin: 36.54 || segside: East || statusid: 2 || streetid: 840 || street_group: 25351 || start_lat: -37.805049 || start_lon: 144.966366 || end_lat: -37.805492 || end_lon: 144.966250 || 
Elizabeth Street between Flemington Road and Grattan Street
--> footpath_id: 23870 || address: Elizabeth Street between Flemington Road and Grattan Street || clue_sa: Carlton || asset_type: Road Footway || deltaz: 0.97 || distance: 81.97 || grade1in: 84.5 || mcc_id: 1388437 || mccid_int: 21551 || rlmax: 32.15 || rlmin: 31.18 || segside: East || statusid: 1 || streetid: 599 || street_group: 25992 || start_lat: -37.799885 || start_lon: 144.957812 || end_lat: -37.800834 || end_lon: 144.957761 || 
Blackwood Street between Flemington Road and Courtney Street
--> footpath_id: 23882 || address: Blackwood Street between Flemington Road and Courtney Street || clue_sa: North Melbourne || asset_type: Road Footway || deltaz: 0.83 || distance: 50.11 || grade1in: 60.4 || mcc_id: 1389324 || mccid_int: 21122 || rlmax: 27.72 || rlmin: 26.89 || segside: West || statusid: 2 || streetid: 446 || street_group: 25306 || start_lat: -37.800613 || start_lon: 144.955755 || end_lat: -37.801096 || end_lon: 144.955088 || 
Rathdowne Street between Pelham Street and Grattan Street
--> footpath_id: 28130 || address: Rathdowne Street between Pelham Street and Grattan Street || clue_sa: Carlton || asset_type: Road Footway || deltaz: 1.43 || distance: 185.09 || grade1in: 129.4 || mcc_id: 1384353 || mccid_int: 20558 || rlmax: 44.94 || rlmin: 43.51 || segside: East || statusid: 2 || streetid: 1024 || street_group: 30384 || start_lat: -37.803022 || start_lon: 144.969689 || end_lat: -37.801225 || end_lon: 144.970037 || 
Evelyn Place between Nicholson Street and Albert Street
--> footpath_id: 25719 || address: Evelyn Place between Nicholson Street and Albert Street || clue_sa: East Melbourne || asset_type: Road Footway || deltaz: 1.59 || distance: 50.69 || grade1in: 31.9 || mcc_id: 1389030 || mccid_int: 21561 || rlmax: 40.32 || rlmin: 38.73 || segside:  || statusid: 3 || streetid: 614 || street_group: 26395 || start_lat: -37.808693 || start_lon: 144.973239 || end_lat: -37.808759 || end_lon: 144.973922 || 
Elizabeth Street between Franklin Street and Therry Street
--> footpath_id: 19495 || address: Elizabeth Street between Franklin Street and Therry Street || clue_sa: Melbourne, CBD || asset_type: Road Footway || deltaz: 1.55 || distance: 94.83 || grade1in: 61.2 || mcc_id: 1385805 || mccid_int: 21631 || rlmax: 18.52 || rlmin: 16.97 || segside: East || statusid: 2 || streetid: 599 || street_group: 21651 || start_lat: -37.807168 || start_lon: 144.960033 || end_lat: -37.808000 || end_lon: 144.960474 || 
David Street between Elgin Street and Palmerston Street
--> footpath_id: 30703 || address: David Street between Elgin Street and Palmerston Street || clue_sa: Carlton || asset_type: Road Footway || deltaz: 0.60 || distance: 72.25 || grade1in: 120.4 || mcc_id: 1384348 || mccid_int: 20655 || rlmax: 30.26 || rlmin: 29.66 || segside:  || statusid: 3 || streetid: 558 || street_group: 30785 || start_lat: -37.797308 || start_lon: 144.971892 || end_lat: -37.796590 || end_lon: 144.972025 || 
--> footpath_id: 30468 || address: David Street between Elgin Street and Palmerston Street || clue_sa: Carlton || asset_type: Road Footway || deltaz: 0.44 || distance: 49.46 || grade1in: 112.4 || mcc_id: 1388401 || mccid_int: 20655 || rlmax: 30.29 || rlmin: 29.85 || segside:  || statusid: 3 || streetid: 558 || street_group: 30600 || start_lat: -37.796583 || start_lon: 144.971964 || end_lat: -37.797283 || end_lon: 144.971836 || 
Swanston Street between Lonsdale Street and Little Lonsdale Street
--> footpath_id: 17632 || address: Swanston Street between Lonsdale Street and Little Lonsdale Street || clue_sa: Melbourne, CBD || asset_type: Road Footway || deltaz: 4.02 || distance: 102.50 || grade1in: 25.5 || mcc_id: 1387550 || mccid_int: 20160 || rlmax: 20.35 || rlmin: 16.33 || segside: East || statusid: 2 || streetid: 1114 || street_group: 19911 || start_lat: -37.810599 || start_lon: 144.964370 || end_lat: -37.811392 || end_lon: 144.964837 || 
Franklin Street between Elizabeth Street and Queen Street
--> footpath_id: 16908 || address: Franklin Street between Elizabeth Street and Queen Street || clue_sa: Melbourne, CBD || asset_type: Road Footway || deltaz: 3.02 || distance: 58.88 || grade1in: 19.5 || mcc_id: 1387657 || mccid_int: 21634 || rlmax: 23.95 || rlmin: 20.93 || segside: South || statusid: 2 || streetid: 644 || street_group: 18332 || start_lat: -37.808944 || start_lon: 144.958117 || end_lat: -37.808772 || end_lon: 144.958836 || 
Faraday Street between Canning Street and Rathdowne Street
--> footpath_id: 30242 || address: Faraday Street between Canning Street and Rathdowne Street || clue_sa: Carlton || asset_type: Road Footway || deltaz: 2.57 || distance: 115.75 || grade1in: 45.0 || mcc_id: 1384469 || mccid_int: 20673 || rlmax: 36.27 || rlmin: 33.70 || segside: South || statusid: 2 || streetid: 621 || street_group: 31141 || start_lat: -37.799148 || start_lon: 144.970396 || end_lat: -37.799271 || end_lon: 144.971764 || 
O'Connell Street between Queensberry Street and Peel Street
--> footpath_id: 22572 || address: O'Connell Street between Queensberry Street and Peel Street || clue_sa: North Melbourne || asset_type: Road Footway || deltaz: 6.04 || distance: 163.01 || grade1in: 27.0 || mcc_id: 1386191 || mccid_int: 21116 || rlmax: 33.51 || rlmin: 27.47 || segside: East || statusid: 2 || streetid: 939 || street_group: 23580 || start_lat: -37.803794 || start_lon: 144.957508 || end_lat: -37.802336 || end_lon: 144.956835 || 
Palmerston Street between Nicholson Street and Canning Street
--> footpath_id: 30542 || address: Palmerston Street between Nicholson Street and Canning Street || clue_sa: Carlton || asset_type: Road Footway || deltaz: 0.79 || distance: 60.68 || grade1in: 76.8 || mcc_id: 1384331 || mccid_int: 20779 || rlmax: 27.68 || rlmin: 26.89 || segside: South || statusid: 2 || streetid: 955 || street_group: 30894 || start_lat: -37.796720 || start_lon: 144.973239 || end_lat: -37.796767 || end_lon: 144.973963 || 
Cemetery Road East between College Crescent and Lygon Street
--> footpath_id: 24173 || address: Cemetery Road East between College Crescent and Lygon Street || clue_sa: Carlton || asset_type: Road Footway || deltaz: 1.41 || distance: 63.23 || grade1in: 44.8 || mcc_id: 1556146 || mccid_int: 20773 || rlmax: 46.68 || rlmin: 45.27 || segside: South || statusid: 1 || streetid: 497 || street_group: 26952 || start_lat: -37.793456 || start_lon: 144.966509 || end_lat: -37.793377 || end_lon: 144.965657 || 
Pelham Street between Bouverie Street and Leicester Street
--> footpath_id: 27365 || address: Pelham Street between Bouverie Street and Leicester Street || clue_sa: Carlton || asset_type: Road Footway || deltaz: 1.85 || distance: 92.70 || grade1in: 50.1 || mcc_id: 1384547 || mccid_int: 20873 || rlmax: 30.55 || rlmin: 28.70 || segside: South || statusid: 2 || streetid: 975 || street_group: 27743 || start_lat: -37.802324 || start_lon: 144.960812 || end_lat: -37.802398 || end_lon: 144.961959 || 
Morrah Street between Fitzgibbon Street and Wimble Street
--> footpath_id: 22221 || address: Morrah Street between Fitzgibbon Street and Wimble Street || clue_sa: Parkville || asset_type: Road Footway || deltaz: 1.21 || distance: 61.48 || grade1in: 50.8 || mcc_id: 1387994 || mccid_int: 22325 || rlmax: 34.71 || rlmin: 33.50 || segside: South || statusid: 2 || streetid: 912 || street_group: 22867 || start_lat: -37.795780 || start_lon: 144.956659 || end_lat: -37.795699 || end_lon: 144.955851 || 
Berkeley Street between Pelham Street and Grattan Street
--> footpath_id: 25286 || address: Berkeley Street between Pelham Street and Grattan Street || clue_sa: Carlton || asset_type: Road Footway || deltaz: 0.21 || distance: 37.12 || grade1in: 176.7 || mcc_id: 1384768 || mccid_int: 20474 || rlmax: 34.33 || rlmin: 34.12 || segside: East || statusid: 2 || streetid: 441 || street_group: 27726 || start_lat: -37.800009 || start_lon: 144.958918 || end_lat: -37.800529 || end_lon: 144.958799 || 
Lygon Street between Queensberry Street and Argyle Place South
--> footpath_id: 27045 || address: Lygon Street between Queensberry Street and Argyle Place South || clue_sa: Carlton || asset_type: Road Footway || deltaz: 1.02 || distance: 76.57 || grade1in: 75.1 || mcc_id: 1384541 || mccid_int: 20524 || rlmax: 38.31 || rlmin: 37.29 || segside: West || statusid: 2 || streetid: 840 || street_group: 28693 || start_lat: -37.803664 || start_lon: 144.966318 || end_lat: -37.804350 || end_lon: 144.966134 || 
Exhibition Street between La Trobe Street and Victoria Street
--> footpath_id: 21986 || address: Exhibition Street between La Trobe Street and Victoria Street || clue_sa: Melbourne, CBD || asset_type: Road Footway || deltaz: 2.18 || distance: 40.95 || grade1in: 18.8 || mcc_id: 1389335 || mccid_int: 21600 || rlmax: 28.71 || rlmin: 26.53 || segside: West || statusid: 2 || streetid: 615 || street_group: 22319 || start_lat: -37.807640 || start_lon: 144.968352 || end_lat: -37.808049 || end_lon: 144.968621 || 
Princes Park Drive between Cemetery Road West and MacPherson Street
--> footpath_id: 20844 || address: Princes Park Drive between Cemetery Road West and MacPherson Street || clue_sa: Carlton || asset_type: Road Footway || deltaz: 4.41 || distance: 358.14 || grade1in: 81.2 || mcc_id: 1466310 || mccid_int: 22512 || rlmax: 49.07 || rlmin: 44.66 || segside: East || statusid: 2 || streetid: 997 || street_group: 21876 || start_lat: -37.791622 || start_lon: 144.961372 || end_lat: -37.784914 || end_lon: 144.963484 || 
Little La Trobe Street between Swanston Street and Elizabeth Street
--> footpath_id: 18335 || address: Little La Trobe Street between Swanston Street and Elizabeth Street || clue_sa: Melbourne, CBD || asset_type: Road Footway || deltaz: 3.22 || distance: 60.36 || grade1in: 18.7 || mcc_id: 1389248 || mccid_int: 21644 || rlmax: 19.52 || rlmin: 16.30 || segside:  || statusid: 3 || streetid: 822 || street_group: 19514 || start_lat: -37.809537 || start_lon: 144.961733 || end_lat: -37.809196 || end_lon: 144.962900 || 
Palmerston Street between Rathdowne Street and Drummond Street
--> footpath_id: 27665 || address: Palmerston Street between Rathdowne Street and Drummond Street || clue_sa: Carlton || asset_type: Road Footway || deltaz: 3.21 || distance: 94.55 || grade1in: 29.5 || mcc_id: 1384273 || mccid_int: 20684 || rlmax: 35.49 || rlmin: 32.28 || segside: North || statusid: 2 || streetid: 955 || street_group: 28597 || start_lat: -37.796156 || start_lon: 144.970564 || end_lat: -37.796061 || end_lon: 144.969417 || 
Canning Street between Palmerston Street and Pitt Street
--> footpath_id: 30009 || address: Canning Street between Palmerston Street and Pitt Street || clue_sa: Carlton || asset_type: Road Footway || deltaz: 0.62 || distance: 36.10 || grade1in: 58.2 || mcc_id: 1384191 || mccid_int: 20585 || rlmax: 28.08 || rlmin: 27.46 || segside: West || statusid: 2 || streetid: 479 || street_group: 30329 || start_lat: -37.796413 || start_lon: 144.972943 || end_lat: -37.795967 || end_lon: 144.973059 || 
Drummond Street between Faraday Street and Elgin Street
--> footpath_id: 30352 || address: Drummond Street between Faraday Street and Elgin Street || clue_sa: Carlton || asset_type: Road Footway || deltaz: 2.18 || distance: 82.62 || grade1in: 37.9 || mcc_id: 1384188 || mccid_int: 20550 || rlmax: 38.67 || rlmin: 36.49 || segside: West || statusid: 2 || streetid: 583 || street_group: 30352 || start_lat: -37.797632 || start_lon: 144.968834 || end_lat: -37.798469 || end_lon: 144.968648 || 
Swanston Street between Faraday Street and Elgin Street
--> footpath_id: 23535 || address: Swanston Street between Faraday Street and Elgin Street || clue_sa: Carlton || asset_type: Road Footway || deltaz: 0.82 || distance: 126.48 || grade1in: 154.2 || mcc_id: 1384182 || mccid_int: 20492 || rlmax: 44.11 || rlmin: 43.29 || segside: East || statusid: 2 || streetid: 1114 || street_group: 24897 || start_lat: -37.796994 || start_lon: 144.964739 || end_lat: -37.798235 || end_lon: 144.964487 || 
Intersection of Queen Street and Franklin Street
--> footpath_id: 15122 || address: Intersection of Queen Street and Franklin Street || clue_sa: Melbourne, CBD || asset_type: Road Footway || deltaz: 4.82 || distance: 192.77 || grade1in: 40.0 || mcc_id: 1388278 || mccid_int: 20922 || rlmax: 28.56 || rlmin: 23.74 || segside:  || statusid: 2 || streetid: 1010 || street_group: 15419 || start_lat: -37.809593 || start_lon: 144.957954 || end_lat: -37.809569 || end_lon: 144.957438 || 
Peel Street between Queensberry Street and Elizabeth Street
--> footpath_id: 23580 || address: Peel Street between Queensberry Street and Elizabeth Street || clue_sa: North Melbourne || asset_type: Road Footway || deltaz: 0.78 || distance: 40.24 || grade1in: 51.6 || mcc_id: 1385073 || mccid_int: 21117 || rlmax: 33.73 || rlmin: 32.95 || segside: East || statusid: 1 || streetid: 973 || street_group: 23580 || start_lat: -37.802389 || start_lon: 144.956826 || end_lat: -37.801869 || end_lon: 144.956910 || 
Albert Street between Nicholson Street and Gisborne Street
--> footpath_id: 24680 || address: Albert Street between Nicholson Street and Gisborne Street || clue_sa: East Melbourne || asset_type: Road Footway || deltaz: 0.64 || distance: 16.52 || grade1in: 25.8 || mcc_id: 1384914 || mccid_int: 20889 || rlmax: 38.36 || rlmin: 37.72 || segside: South || statusid: 2 || streetid: 375 || street_group: 26082 || start_lat: -37.809433 || start_lon: 144.973613 || end_lat: -37.809403 || end_lon: 144.973119 || 
MacArthur Place North between Canning Street and Rathdowne Street
--> footpath_id: 30852 || address: MacArthur Place North between Canning Street and Rathdowne Street || clue_sa: Carlton || asset_type: Road Footway || deltaz: 1.18 || distance: 45.61 || grade1in: 38.6 || mcc_id: 1384289 || mccid_int: 20670 || rlmax: 30.68 || rlmin: 29.50 || segside: North || statusid: 2 || streetid: 843 || street_group: 30919 || start_lat: -37.798170 || start_lon: 144.972081 || end_lat: -37.798212 || end_lon: 144.972632 || 
Astor Place from Lygon Street
--> footpath_id: 28029 || address: Astor Place from Lygon Street || clue_sa: Carlton || asset_type: Road Footway || deltaz: 2.56 || distance: 51.66 || grade1in: 20.2 || mcc_id: 1384133 || mccid_int: 20687 || rlmax: 40.48 || rlmin: 37.92 || segside:  || statusid: 3 || streetid: 1203 || street_group: 29092 || start_lat: -37.796891 || start_lon: 144.968453 || end_lat: -37.796830 || end_lon: 144.967779 || 
Palmerston Street between Lygon Street and Keppel Street
--> footpath_id: 27678 || address: Palmerston Street between Lygon Street and Keppel Street || clue_sa: Carlton || asset_type: Road Footway || deltaz: 3.75 || distance: 42.11 || grade1in: 11.2 || mcc_id: 1384073 || mccid_int: 20497 || rlmax: 46.27 || rlmin: 42.52 || segside: South || statusid: 2 || streetid: 955 || street_group: 28333 || start_lat: -37.796003 || start_lon: 144.966927 || end_lat: -37.796074 || end_lon: 144.967568 || 
Elizabeth Street between Therry Street and Victoria Street
--> footpath_id: 32439 || address: Elizabeth Street between Therry Street and Victoria Street || clue_sa: Melbourne, CBD || asset_type: Road Footway || deltaz: 0.82 || distance: 42.72 || grade1in: 52.1 || mcc_id: 1386334 || mccid_int: 21628 || rlmax: 20.36 || rlmin: 19.54 || segside: West || statusid: 2 || streetid: 599 || street_group: 32439 || start_lat: -37.806417 || start_lon: 144.959492 || end_lat: -37.806983 || end_lon: 144.959783 || 
Elgin Street between Nicholson Street and Canning Street
--> footpath_id: 29961 || address: Elgin Street between Nicholson Street and Canning Street || clue_sa: Carlton || asset_type: Road Footway || deltaz: 1.63 || distance: 128.57 || grade1in: 78.9 || mcc_id: 1384329 || mccid_int: 20597 || rlmax: 28.11 || rlmin: 26.48 || segside: North || statusid: 2 || streetid: 598 || street_group: 30894 || start_lat: -37.797801 || start_lon: 144.974736 || end_lat: -37.797654 || end_lon: 144.973080 || 
Queensberry Street between Drummond Street and Lygon Street
--> footpath_id: 24983 || address: Queensberry Street between Drummond Street and Lygon Street || clue_sa: Carlton || asset_type: Road Footway || deltaz: 2.02 || distance: 69.99 || grade1in: 34.6 || mcc_id: 1384389 || mccid_int: 22498 || rlmax: 39.12 || rlmin: 37.10 || segside: South || statusid: 2 || streetid: 1008 || street_group: 25351 || start_lat: -37.805115 || start_lon: 144.967218 || end_lat: -37.805049 || end_lon: 144.966366 || 
Victoria Parade between Nicholson Street and Gisborne Street
--> footpath_id: 26062 || address: Victoria Parade between Nicholson Street and Gisborne Street || clue_sa: East Melbourne || asset_type: Road Footway || deltaz: 1.41 || distance: 45.04 || grade1in: 31.9 || mcc_id: 1384736 || mccid_int: 21560 || rlmax: 42.13 || rlmin: 40.72 || segside:  || statusid: 1 || streetid: 1151 || street_group: 26395 || start_lat: -37.808343 || start_lon: 144.974643 || end_lat: -37.808309 || end_lon: 144.973999 || 
Nicholson Street between Palmerston Street and Kay Street
--> footpath_id: 30122 || address: Nicholson Street between Palmerston Street and Kay Street || clue_sa: Carlton || asset_type: Road Footway || deltaz: 0.55 || distance: 73.24 || grade1in: 133.1 || mcc_id: 1384220 || mccid_int: 20882 || rlmax: 25.84 || rlmin: 25.29 || segside:  || statusid: 1 || streetid: 931 || street_group: 30555 || start_lat: -37.796635 || start_lon: 144.974932 || end_lat: -37.796018 || end_lon: 144.975076 || 
Royal Parade between Grattan Street and Story Street
--> footpath_id: 22525 || address: Royal Parade between Grattan Street and Story Street || clue_sa: Parkville || asset_type: Road Footway || deltaz: 4.36 || distance: 229.28 || grade1in: 52.6 || mcc_id: 1388156 || mccid_int: 22514 || rlmax: 35.51 || rlmin: 31.15 || segside: West || statusid: 1 || streetid: 1041 || street_group: 23205 || start_lat: -37.799558 || start_lon: 144.957338 || end_lat: -37.797210 || end_lon: 144.957514 || 
Cathedral Place between Lansdowne Street and Gisborne Street
--> footpath_id: 24027 || address: Cathedral Place between Lansdowne Street and Gisborne Street || clue_sa: East Melbourne || asset_type: Road Footway || deltaz: 3.81 || distance: 156.08 || grade1in: 41.0 || mcc_id: 1384903 || mccid_int: 21851 || rlmax: 37.33 || rlmin: 33.52 || segside: South || statusid: 2 || streetid: 494 || street_group: 24396 || start_lat: -37.811093 || start_lon: 144.977936 || end_lat: -37.810921 || end_lon: 144.976117 || 
Queensberry Street between Lygon Street and Cardigan Street
--> footpath_id: 25348 || address: Queensberry Street between Lygon Street and Cardigan Street || clue_sa: Carlton || asset_type: Road Footway || deltaz: 1.62 || distance: 64.54 || grade1in: 39.8 || mcc_id: 1384569 || mccid_int: 22499 || rlmax: 36.54 || rlmin: 34.92 || segside: South || statusid: 2 || streetid: 1008 || street_group: 25348 || start_lat: -37.804924 || start_lon: 144.965203 || end_lat: -37.804982 || end_lon: 144.966030 || 
Drummond Street between Pelham Street and Grattan Street
--> footpath_id: 29359 || address: Drummond Street between Pelham Street and Grattan Street || clue_sa: Carlton || asset_type: Road Footway || deltaz: 3.45 || distance: 202.79 || grade1in: 58.8 || mcc_id: 1384369 || mccid_int: 20546 || rlmax: 44.31 || rlmin: 40.86 || segside: West || statusid: 2 || streetid: 583 || street_group: 30061 || start_lat: -37.802826 || start_lon: 144.967906 || end_lat: -37.801028 || end_lon: 144.968293 || 
O'Connell Street between Victoria Street and Queensberry Street
--> footpath_id: 20950 || address: O'Connell Street between Victoria Street and Queensberry Street || clue_sa: North Melbourne || asset_type: Road Footway || deltaz: 0.82 || distance: 51.49 || grade1in: 62.8 || mcc_id: 1390184 || mccid_int: 20928 || rlmax: 24.36 || rlmin: 23.54 || segside: West || statusid: 2 || streetid: 939 || street_group: 20951 || start_lat: -37.805315 || start_lon: 144.957959 || end_lat: -37.805804 || end_lon: 144.958209 || 
University Street between Rathdowne Street and Drummond Street
--> footpath_id: 30868 || address: University Street between Rathdowne Street and Drummond Street || clue_sa: Carlton || asset_type: Road Footway || deltaz: 0.42 || distance: 18.53 || grade1in: 44.1 || mcc_id: 1384457 || mccid_int: 20711 || rlmax: 41.08 || rlmin: 40.66 || segside:  || statusid: 3 || streetid: 1145 || street_group: 30933 || start_lat: -37.799580 || start_lon: 144.969060 || end_lat: -37.799647 || end_lon: 144.969706 || 
A'Beckett Street between Wills Street and Queen Street
--> footpath_id: 14562 || address: A'Beckett Street between Wills Street and Queen Street || clue_sa: Melbourne, CBD || asset_type: Road Footway || deltaz: 1.84 || distance: 57.04 || grade1in: 31.0 || mcc_id: 1387659 || mccid_int: 21524 || rlmax: 25.54 || rlmin: 23.70 || segside: South || statusid: 2 || streetid: 368 || street_group: 32346 || start_lat: -37.810387 || start_lon: 144.957199 || end_lat: -37.810233 || end_lon: 144.957817 || 
Little Barkly Street between Faraday Street and Rathdowne Street
--> footpath_id: 30627 || address: Little Barkly Street between Faraday Street and Rathdowne Street || clue_sa: Carlton || asset_type: Road Footway || deltaz: 3.19 || distance: 67.13 || grade1in: 21.0 || mcc_id: 1384472 || mccid_int: 20675 || rlmax: 37.30 || rlmin: 34.11 || segside:  || statusid: 3 || streetid: 807 || street_group: 31141 || start_lat: -37.799290 || start_lon: 144.971733 || end_lat: -37.799686 || end_lon: 144.971022 || 
Lygon Street between Argyle Place South and Pelham Street
--> footpath_id: 28934 || address: Lygon Street between Argyle Place South and Pelham Street || clue_sa: Carlton || asset_type: Road Footway || deltaz: 0.24 || distance: 41.89 || grade1in: 174.4 || mcc_id: 1384628 || mccid_int: 20526 || rlmax: 38.91 || rlmin: 38.67 || segside: West || statusid: 2 || streetid: 840 || street_group: 30722 || start_lat: -37.803389 || start_lon: 144.966303 || end_lat: -37.802939 || end_lon: 144.966440 || 
Victoria Street between Bouverie Street and Elizabeth Street
--> footpath_id: 21645 || address: Victoria Street between Bouverie Street and Elizabeth Street || clue_sa: Melbourne, CBD || asset_type: Road Footway || deltaz: 0.48 || distance: 52.98 || grade1in: 110.4 || mcc_id: 1387493 || mccid_int: 21625 || rlmax: 19.99 || rlmin: 19.51 || segside: South || statusid: 1 || streetid: 1152 || street_group: 32446 || start_lat: -37.806568 || start_lon: 144.961202 || end_lat: -37.806506 || end_lon: 144.960365 || 
